Starting a Gradle Daemon (subsequent builds will be faster)
Terminate batch job (Y/N)? Terminate batch job (Y/N)? Terminate batch job (Y/N)? 